evaluated 25/1988 samples
evaluated 50/1988 samples
evaluated 75/1988 samples
evaluated 100/1988 samples
evaluated 125/1988 samples
evaluated 150/1988 samples
evaluated 175/1988 samples
evaluated 200/1988 samples
evaluated 225/1988 samples
evaluated 250/1988 samples
evaluated 275/1988 samples
evaluated 300/1988 samples
evaluated 325/1988 samples
evaluated 350/1988 samples
evaluated 375/1988 samples
evaluated 400/1988 samples
evaluated 425/1988 samples
evaluated 450/1988 samples
evaluated 475/1988 samples
evaluated 500/1988 samples
evaluated 525/1988 samples
evaluated 550/1988 samples
evaluated 575/1988 samples
evaluated 600/1988 samples
evaluated 625/1988 samples
evaluated 650/1988 samples
evaluated 675/1988 samples
evaluated 700/1988 samples
evaluated 725/1988 samples
evaluated 750/1988 samples
evaluated 775/1988 samples
evaluated 800/1988 samples
evaluated 825/1988 samples
evaluated 850/1988 samples
evaluated 875/1988 samples
evaluated 900/1988 samples
evaluated 925/1988 samples
evaluated 950/1988 samples
evaluated 975/1988 samples
evaluated 1000/1988 samples
evaluated 1025/1988 samples
evaluated 1050/1988 samples
evaluated 1075/1988 samples
evaluated 1100/1988 samples
evaluated 1125/1988 samples
evaluated 1150/1988 samples
evaluated 1175/1988 samples
evaluated 1200/1988 samples
evaluated 1225/1988 samples
evaluated 1250/1988 samples
evaluated 1275/1988 samples
evaluated 1300/1988 samples
evaluated 1325/1988 samples
evaluated 1350/1988 samples
evaluated 1375/1988 samples
evaluated 1400/1988 samples
evaluated 1425/1988 samples
evaluated 1450/1988 samples
evaluated 1475/1988 samples
evaluated 1500/1988 samples
evaluated 1525/1988 samples
evaluated 1550/1988 samples
evaluated 1575/1988 samples
evaluated 1600/1988 samples
evaluated 1625/1988 samples
evaluated 1650/1988 samples
evaluated 1675/1988 samples
evaluated 1700/1988 samples
evaluated 1725/1988 samples
evaluated 1750/1988 samples
evaluated 1775/1988 samples
evaluated 1800/1988 samples
evaluated 1825/1988 samples
evaluated 1850/1988 samples
evaluated 1875/1988 samples
evaluated 1900/1988 samples
evaluated 1925/1988 samples
evaluated 1950/1988 samples
evaluated 1975/1988 samples
evaluated 1988/1988 samples
{
  "checkpoint": "/data/cd25/two_stage_surrogate_v6/processed/v40_stage1_met_full_domain_context/best_model.pt",
  "split": "val",
  "global_sidecar_root": "/data/cd25/two_stage_surrogate_v6/processed/full_domain_stage1_context_sidecar",
  "evaluated_samples": 1988,
  "dataset_samples": 1988,
  "direct": {
    "valid_count": 549069887,
    "R": 0.9590264777823825,
    "R2": 0.9196815817291155,
    "MAE": 1.8309752356109097,
    "RMSE": 3.3334650484843826
  },
  "delta": {
    "valid_count": 549069887,
    "R": 0.5881053768023363,
    "R2": 0.33671629509653966,
    "MAE": 1.8309752360842442,
    "RMSE": 3.3334650488698667
  }
}
Saved evaluation to /data/cd25/two_stage_surrogate_v6/processed/test_evaluation_v6_full_domain_context_best_model_val
